// Jest Snapshot v1, https://goo.gl/fbAQLP

exports[`Patient Cell should match snapshot 1`] = `
<div
  className="patientCellstyled__PatientCellContainer-sc-1r066ns-0 bwkvmv"
  type=""
>
  <p
    className="textstyled__StyledText-sc-1vedkxi-0 fytJms patientCellstyled__PatientName-sc-1r066ns-1 bjFiTR"
    color="inherit"
    cursor="pointer"
    data-cy="patient-name"
    onClick={[Function]}
    size="md"
  >
    John Snow
  </p>
  <span
    className="patientCellstyled__PatientAge-sc-1r066ns-3 cJQZsw"
    data-cy="patient-age"
  >
    29
  </span>
  <span
    className="patientCellstyled__PatientGender-sc-1r066ns-4 btTaoo"
    data-cy="patient-gender"
  >
    M
  </span>
</div>
`;
