// Jest Snapshot v1, https://goo.gl/fbAQLP

exports[`Note Cell should match snapshot 1`] = `
<div
  className="noteCellstyled__NoteCellContainer-hgb644-0 dLumnO"
>
  <p
    className="textstyled__StyledText-sc-1vedkxi-0 fGeDvC"
    color="inherit"
    cursor="pointer"
    data-cy="patient-name"
    onClick={[Function]}
    size="md"
  >
    hello world
  </p>
  <p
    className="textstyled__StyledText-sc-1vedkxi-0 ixFoFi"
    color="inherit"
    cursor="pointer"
    onClick={[Function]}
    size="sm"
  >
    undefined undefined
  </p>
</div>
`;
