// Jest Snapshot v1, https://goo.gl/fbAQLP

exports[`SuggestionsPanel should match snapshot 1`] = `
<div
  className="suggestionsPanelstyled__StyledPanel-vuasv-0 iMVLdH"
  tabIndex={0}
>
  <div
    className="suggestionsPanelstyled__StyledHeader-vuasv-1 jbNZGL"
  >
    <h6
      className="headerstyled__StyledH6-sc-1y4xvz5-5 dnDmIM"
    >
      Problems
    </h6>
  </div>
  <ul
    className="suggestionsPanelstyled__StyledContent-vuasv-2 jUZsRC"
  >
    <li
      className="suggestionsPanelstyled__StyledItem-vuasv-3 gEcfuM"
      onClick={[Function]}
    >
      <div
        className="suggestionsPanelstyled__StyledDescriptions-vuasv-5"
      >
        <p
          className="textstyled__StyledText-sc-1vedkxi-0 fGeDvC"
          color="inherit"
          cursor="pointer"
          onClick={[Function]}
          size="md"
        >
          Chronic depression
        </p>
        <p
          className="textstyled__StyledText-sc-1vedkxi-0 hcmVCX"
          color="green"
          cursor="pointer"
          onClick={[Function]}
          size="xs"
        >
          on problem list
        </p>
      </div>
      <div
        className="suggestionsPanelstyled__StyledCodeLabel-vuasv-4 bPaipz"
      >
        F34.1
      </div>
    </li>
    <li
      className="suggestionsPanelstyled__StyledItem-vuasv-3 gEcfuM"
      onClick={[Function]}
    >
      <div
        className="suggestionsPanelstyled__StyledDescriptions-vuasv-5"
      >
        <p
          className="textstyled__StyledText-sc-1vedkxi-0 fGeDvC"
          color="inherit"
          cursor="pointer"
          onClick={[Function]}
          size="md"
        >
          Anxiety disorder, unspecified
        </p>
        <p
          className="textstyled__StyledText-sc-1vedkxi-0 hcmVCX"
          color="green"
          cursor="pointer"
          onClick={[Function]}
          size="xs"
        >
          on problem list
        </p>
      </div>
      <div
        className="suggestionsPanelstyled__StyledCodeLabel-vuasv-4 bPaipz"
      >
        F41.9
      </div>
    </li>
  </ul>
</div>
`;
