// Jest Snapshot v1, https://goo.gl/fbAQLP

exports[`ICD10List should match snapshot 1`] = `
<div
  className="iCD10Liststyled__StyledContentSection-eavmkz-3 hOIMNs"
>
  <h6
    className="headerstyled__StyledH6-sc-1y4xvz5-5 dnDmIM"
  >
    Test title
  </h6>
  <ul
    className="iCD10Liststyled__StyledList-eavmkz-2 gnbFGS"
    onMouseLeave={[Function]}
  >
    <li
      className="iCD10Liststyled__StyledListItem-eavmkz-1 bjfxtj"
      onClick={[Function]}
    >
      <div
        className="iCD10Liststyled__StyledContent-eavmkz-4"
      >
        <span
          className="iCD10Liststyled__StyledCodeLabel-eavmkz-0 gKPIVd"
        />
      </div>
      <div
        className="iCD10Liststyled__StyledIcon-eavmkz-5 jVDnYA"
        onMouseEnter={[Function]}
        onMouseLeave={[Function]}
      >
        <svg
          height={24}
          viewBox="0 0 24 24"
          width={24}
          xmlns="http://www.w3.org/2000/svg"
        >
          <circle
            cx="12.5"
            cy="12.5"
            fill="green"
            fillRule="evenodd"
            opacity="1"
            r="5.5"
          />
        </svg>
      </div>
    </li>
  </ul>
</div>
`;
