// Jest Snapshot v1, https://goo.gl/fbAQLP

exports[`ConfirmICDCodes modal should match snapshot 1`] = `
Array [
  <div
    className="modalMaskstyled__StyledBackdrop-sc-169llx0-0 fRODrN"
    onClick={[Function]}
  />,
  <div
    className="modalstyled__StyledModal-sc-1u144rj-1 epsHaF confirmICDCodesstyled__StyledConfirmICDCodes-sc-1fc43ej-0 dXNWQw"
    data-cy=""
    height="auto"
    width={600}
  >
    <div
      aria-label="Close"
      className="modalstyled__StyledCloseButton-sc-1u144rj-0 bSHZet modal-close"
      height={56}
    >
      <div
        className="navigationIconstyled__StyledNavigationIcon-lwvkbw-0 imuqWK"
        data-cy=""
        onMouseEnter={[Function]}
        onMouseLeave={[Function]}
      >
        <button
          className="iconstyled__StyledButton-ifk1iv-0 kgKJBV"
          onClick={[Function]}
        >
          <svg
            height={24}
            viewBox="0 0 24 24"
            width={24}
            xmlns="http://www.w3.org/2000/svg"
          >
            <path
              d="M7.70857 6.29289C7.31805 5.90237 6.68488 5.90237 6.29436 6.29289C5.90383 6.68342 5.90383 7.31658 6.29436 7.70711L10.5865 11.9993L6.2944 16.2914C5.90388 16.6819 5.90388 17.3151 6.2944 17.7056C6.68493 18.0961 7.31809 18.0961 7.70862 17.7056L12.0007 13.4135L16.2928 17.7056C16.6834 18.0961 17.3165 18.0961 17.7071 17.7056C18.0976 17.3151 18.0976 16.6819 17.7071 16.2914L13.4149 11.9993L17.7071 7.70711C18.0976 7.31658 18.0976 6.68342 17.7071 6.29289C17.3166 5.90237 16.6834 5.90237 16.2929 6.29289L12.0007 10.5851L7.70857 6.29289Z"
              fill="#999999"
              xmlns="http://www.w3.org/2000/svg"
            />
          </svg>
        </button>
      </div>
    </div>
    <h5
      className="headerstyled__StyledH5-sc-1y4xvz5-4 iITAex confirmICDCodesstyled__StyledHeader-sc-1fc43ej-1 jCAopX"
    >
      Confirm codes
    </h5>
    <p
      className="textstyled__StyledText-sc-1vedkxi-0 hqFnA-d confirmICDCodesstyled__StyledText-sc-1fc43ej-2 knMkDw"
      color="inherit"
      cursor="pointer"
      onClick={[Function]}
      size="xl"
    >
      Choose or change diagnoses codes for this note.
    </p>
    <button
      className="buttonstyled__StyledButton-ws70ng-0 jHdHkK confirmICDCodesstyled__StyledButton-sc-1fc43ej-8 dHEBIV"
      data-cy="button"
      disabled={false}
      onClick={[Function]}
      type="button"
      width="328px"
    >
      <p
        className="textstyled__StyledText-sc-1vedkxi-0 hcwstJ"
        color="white"
        cursor="pointer"
        onClick={[Function]}
        size="xl"
      >
        Continue
      </p>
    </button>
  </div>,
]
`;
