// Jest Snapshot v1, https://goo.gl/fbAQLP

exports[`Search Patients in header should match snapshot 1`] = `
<div
  className="modalstyled__StyledModal-sc-1u144rj-1 hwiWDf"
  data-cy="search-patients-in-header"
  height="auto"
  width="508px"
>
  <div
    aria-label="Close"
    className="modalstyled__StyledCloseButton-sc-1u144rj-0 cotaWZ modal-close"
    height={40}
  >
    <div
      className="navigationIconstyled__StyledNavigationIcon-lwvkbw-0 imuqWK"
      data-cy=""
      onMouseEnter={[Function]}
      onMouseLeave={[Function]}
    >
      <button
        className="iconstyled__StyledButton-ifk1iv-0 kgKJBV"
        onClick={[Function]}
      >
        <svg
          height={24}
          viewBox="0 0 24 24"
          width={24}
          xmlns="http://www.w3.org/2000/svg"
        >
          <path
            d="M7.70857 6.29289C7.31805 5.90237 6.68488 5.90237 6.29436 6.29289C5.90383 6.68342 5.90383 7.31658 6.29436 7.70711L10.5865 11.9993L6.2944 16.2914C5.90388 16.6819 5.90388 17.3151 6.2944 17.7056C6.68493 18.0961 7.31809 18.0961 7.70862 17.7056L12.0007 13.4135L16.2928 17.7056C16.6834 18.0961 17.3165 18.0961 17.7071 17.7056C18.0976 17.3151 18.0976 16.6819 17.7071 16.2914L13.4149 11.9993L17.7071 7.70711C18.0976 7.31658 18.0976 6.68342 17.7071 6.29289C17.3166 5.90237 16.6834 5.90237 16.2929 6.29289L12.0007 10.5851L7.70857 6.29289Z"
            fill="#999999"
            xmlns="http://www.w3.org/2000/svg"
          />
        </svg>
      </button>
    </div>
  </div>
  <div
    className="modalContentstyled__StyledModalContent-wawizf-0 fzECCo searchPatientsInHeaderstyled__StyledModalContent-sc-1lbsrag-0 ecqmrp"
    height="auto"
    onScroll={[Function]}
  >
    <div
      className="globalPatientsSearchstyled__StyledPatientsSearch-nftnqf-0 eIhoVw searchPatientsInHeaderstyled__StyledGlobalPatientsSearch-sc-1lbsrag-1 fSXCBJ"
    >
      <div
        className="globalPatientsSearchstyled__StyledSearchContainer-nftnqf-1 BuUsd"
      >
        <div
          className="globalPatientsSearchstyled__StyledSearchIcon-nftnqf-3 tfHfz"
        >
          <i
            className="SukiIcon__StyledIcon-q9b9ar-0 hViFDz sukiIcon "
            color="secondary"
            size="md"
          >
            <svg
              fill="none"
              viewBox="0 0 24 24"
              xmlns="http://www.w3.org/2000/svg"
            >
              <path
                d="M9.842 3.043a6.191 6.191 0 0 0-2.022.548c-1.972.898-3.326 2.651-3.73 4.829-.092.495-.092 1.665 0 2.16.514 2.771 2.559 4.816 5.33 5.33.495.092 1.665.092 2.16 0 2.771-.514 4.816-2.559 5.33-5.33.092-.495.092-1.665 0-2.16-.451-2.433-2.09-4.326-4.41-5.095a6.485 6.485 0 0 0-2.658-.282m1.218 2.001a4.52 4.52 0 0 1 3.48 2.493c.721 1.489.559 3.304-.411 4.606-.582.782-1.313 1.319-2.2 1.616a4.4 4.4 0 0 1-2.858 0c-1.981-.664-3.253-2.632-3.038-4.699a4.484 4.484 0 0 1 5.027-4.016m3.86 10.471c-.3.098-.554.326-.671.602-.076.181-.075.542.002.729.065.154 2.931 4.263 3.099 4.442.252.269.742.359 1.096.202.217-.096.423-.298.519-.509.09-.197.097-.57.016-.765-.069-.165-2.893-4.212-3.077-4.41a1.26 1.26 0 0 0-.281-.214c-.172-.088-.544-.129-.703-.077"
                fill="currentColor"
                fillRule="evenodd"
              />
            </svg>
          </i>
        </div>
        <div
          className="formInputstyled__StyledInputContainer-p3pq9x-0 jOohTQ"
        >
          <input
            className="formInputstyled__StyledFormInput-p3pq9x-1 ckqHZa globalPatientsSearchstyled__StyledSearchInput-nftnqf-2 daWdeC"
            data-cy="form-input"
            data-testid="input"
            disabled={false}
            onChange={[Function]}
            placeholder="Enter Patient Name"
            type="text"
          />
        </div>
      </div>
    </div>
  </div>
</div>
`;
