// Jest Snapshot v1, https://goo.gl/fbAQLP

exports[`Intro Screen2 should match snapshot 1`] = `
<div
  className="introScreen2styled__StyledIntro2Container-c6om47-0 gPZwRn"
>
  <h1
    className="headerstyled__StyledH1-sc-1y4xvz5-0 ifdpFf intro-screen2-header"
    data-cy="intro-screen2-header"
  >
    Hello, I’m Suki.
  </h1>
  <p
    className="textstyled__StyledText-sc-1vedkxi-0 fDyqSY"
    color="inherit"
    cursor="default"
    data-cy="intro-screen2-description"
    onClick={[Function]}
    size="md"
  >
    To get started, here’s a brief video that shows how I can help you create a note.
  </p>
  <button
    className="buttonstyled__StyledButton-ws70ng-0 fgkTKx"
    data-cy="intro-screen2-play"
    disabled={false}
    type="button"
    width="200px"
  >
    Play Demo
  </button>
  <button
    className="buttonstyled__StyledButton-ws70ng-0 faJUlC skip-btn"
    data-cy="intro-screen2-skip"
    disabled={false}
    type="button"
    width="200px"
  >
    Skip
  </button>
</div>
`;
