// Jest Snapshot v1, https://goo.gl/fbAQLP

exports[`MainMenuNavigation should match snapshot 1`] = `
<div
  className="mainMenuNavigationstyled__MainAndDropDownMenuContainer-sc-15amjwi-0 kSHPqG"
>
  <div
    className="sukiTooltipstyled__StyledSukiTooltipWrapper-sc-175s0ct-0 hlZCBe"
    onClick={[Function]}
    onMouseEnter={[Function]}
    onMouseLeave={[Function]}
  >
    <button
      className="iconButtonstyled__StyledIconButton-v3k1vq-0 gtCISe"
      data-cy="hamburger-menu"
      onClick={[Function]}
      size="md"
      type="button"
    >
      <i
        className="SukiIcon__StyledIcon-q9b9ar-0 aoDzN sukiIcon "
        color="inherit"
        size="sm"
      >
        <svg
          fill="currentColor"
          viewBox="0 0 24 24"
          xmlns="http://www.w3.org/2000/svg"
        >
          <rect
            fill="currentColor"
            height="2"
            rx="1"
            width="14"
            x="5"
            y="6"
          />
          <rect
            fill="currentColor"
            height="2"
            rx="1"
            width="14"
            x="5"
            y="11"
          />
          <rect
            fill="currentColor"
            height="2"
            rx="1"
            width="14"
            x="5"
            y="16"
          />
        </svg>
      </i>
    </button>
  </div>
</div>
`;
