// Jest Snapshot v1, https://goo.gl/fbAQLP

exports[`UnableToReachEmr modal should match snapshot 1`] = `
Array [
  <div
    className="modalMaskstyled__StyledBackdrop-sc-169llx0-0 fRODrN"
    onClick={[Function]}
  />,
  <div
    className="modalstyled__StyledModal-sc-1u144rj-1 ccKZwI unableToReachEmrstyled__StyledModal-sc-102qnh1-0 clwrSJ"
    data-cy=""
    height="auto"
    width={416}
  >
    <h5
      className="headerstyled__StyledH5-sc-1y4xvz5-4 iITAex signNoteModalstyled__StyledSignNoteHeader-sc-1w1ailj-1 huzdAo"
    >
      Oops! Unable to reach the EMR at the moment
    </h5>
    <p
      className="textstyled__StyledText-sc-1vedkxi-0 fDyqSY"
      color="inherit"
      cursor="default"
      onClick={[Function]}
      size="md"
    >
      Suki has saved it with your Unfinished Notes, so you can try again later
    </p>
    <div
      className="unableToReachEmrstyled__StyledButtonWrapper-sc-102qnh1-1 flkgdA"
    >
      <button
        className="dialogButtonstyled__StyledDialogButton-uvbi7e-0 kFNoNK unableToReachEmrstyled__StyledOkButton-sc-102qnh1-2 jAJAWq"
        data-cy="dialog-button"
        onClick={[Function]}
      >
        ok
      </button>
    </div>
  </div>,
]
`;
