// Jest Snapshot v1, https://goo.gl/fbAQLP

exports[`Toast should match snapshot - listArrow icon 1`] = `
<div
  className="toaststyled__StyledContainer-sc-1ld6vu9-0 dHVhPs"
  type="severe"
>
  <div
    className="toaststyled__StyledContent-sc-1ld6vu9-1 cBWjrk"
  >
    <svg
      fill="none"
      height={42}
      viewBox="0 0 24 24"
      width={42}
      xmlns="http://www.w3.org/2000/svg"
    >
      <rect
        fill="black"
        height="2"
        rx="1"
        width="14"
        x="5"
        y="6"
      />
      <rect
        fill="black"
        height="2"
        rx="1"
        width="14"
        x="5"
        y="11"
      />
      <rect
        fill="black"
        height="2"
        rx="1"
        width="14"
        x="5"
        y="16"
      />
    </svg>
    <div
      className="toaststyled__StyledToast-sc-1ld6vu9-2 gZzwWa"
    >
      <h6
        className="headerstyled__StyledH6-sc-1y4xvz5-5 dnDmIM toaststyled__StyledTitle-sc-1ld6vu9-3 cqLBKh"
      >
        Severe error
      </h6>
      <p
        className="textstyled__StyledText-sc-1vedkxi-0 fDyqSY toaststyled__StyledBody-sc-1ld6vu9-4 ctJHMq"
        color="inherit"
        cursor="default"
        onClick={[Function]}
        size="md"
      >
        message
      </p>
    </div>
  </div>
  <button
    className="toaststyled__StyledCloseButton-sc-1ld6vu9-5 bbKaZI"
    onClick={[Function]}
  />
</div>
`;
