// Jest Snapshot v1, https://goo.gl/fbAQLP

exports[`ClearInputButton should match snapshot 1`] = `
<div
  className="clearInputButtonstyled__StyledClearInputButton-raqwda-0 fhJXsg"
  onClick={[Function]}
>
  <p
    className="textstyled__StyledText-sc-1vedkxi-0 ixFoFi clearInputButtonstyled__StyledText-raqwda-1 beOzED"
    color="inherit"
    cursor="pointer"
    onClick={[Function]}
    size="sm"
  >
    Clear
  </p>
</div>
`;
