// Jest Snapshot v1, https://goo.gl/fbAQLP

exports[`Intro Screen1 should match snapshot 1`] = `
<div
  className="introScreen1styled__StyledIntroContainer-okg1hb-1 hPMcsv"
>
  <div
    className="intro-screen1-header-container"
  >
    <h1
      className="headerstyled__StyledH1-sc-1y4xvz5-0 ifdpFf intro-screen1-header"
      data-cy="intro-screen1-header"
    >
      Tap here to wake Suki
    </h1>
    <svg
      fill="none"
      height="100"
      viewBox="0 0 64 100"
      width="64"
      xmlns="http://www.w3.org/2000/svg"
    >
      <g
        clipPath="url(#clip0_1336_785)"
      >
        <path
          d="M9.52685 65.2369H18.7602C19.7739 65.2369 20.63 64.4789 20.7285 63.47C21.2161 58.4752 21.2809 53.2094 20.6391 47.2016C18.1517 23.9211 6.03453 7.3684 1.15706 1.2466C0.679345 0.64701 1.38043 -0.26838 2.0677 0.0747866C14.8499 7.02028 40.9238 29.2761 44.7115 63.4039C44.8259 64.4355 45.6891 65.2369 46.727 65.2369H55.6937C57.3605 65.2369 58.296 67.156 57.2692 68.469L35.7612 95.971C34.1597 98.0188 31.0609 98.0188 29.4594 95.971L7.95141 68.469C6.92463 67.156 7.86009 65.2369 9.52685 65.2369Z"
          fill="url(#paint0_linear_1336_785)"
        />
      </g>
      <defs>
        <linearGradient
          gradientUnits="userSpaceOnUse"
          id="paint0_linear_1336_785"
          x1="8.13089"
          x2="34.4261"
          y1="3.56545"
          y2="63.7324"
        >
          <stop
            stopColor="#F0F4EF"
          />
          <stop
            offset="1"
            stopColor="#CCCCCC"
          />
        </linearGradient>
        <clipPath
          id="clip0_1336_785"
        >
          <rect
            fill="white"
            height="100"
            width="64"
          />
        </clipPath>
      </defs>
    </svg>
  </div>
  <div
    className="introScreen1styled__SukiAgentSpacer-okg1hb-0 eHqHDs"
  />
  <p
    className="textstyled__StyledText-sc-1vedkxi-0 kTwEkJ"
    color="inherit"
    cursor="default"
    data-cy="intro-screen1-description"
    onClick={[Function]}
    size="xl"
  >
    Suki only listens when awake.
  </p>
</div>
`;
